VIA2_C_CDNS_756915490021 via2CON,m3trm,m2trm NULL
VIA2_C_CDNS_756915490026 via2CON,m3trm,m2trm NULL
VIA2_C_CDNS_7569154900217 via2CON,m3trm,m2trm NULL
MASCO__A1 m1trm cont,bulk,nel,ndiff,p1trm
MASCO__A2 m1trm cont,bulk,nel,ndiff,p1trm
MASCO__A3 m1trm cont,bulk,nel,ndiff,p1trm
nel_CDNS_756915490021 cont,m1trm,bulk,nel,ndiff,p1trm NULL
nel_CDNS_756915490022 cont,m1trm,bulk,nel,ndiff,p1trm NULL
nel_CDNS_756915490025 cont,m1trm,bulk,nel,ndiff,p1trm NULL
nel_CDNS_756915490027 cont,m1trm,bulk,nel,ndiff,p1trm NULL
nel_CDNS_756915490028 cont,m1trm,bulk,nel,ndiff,p1trm NULL
opamp1 via2CON,mttrm,m3trm,ntap,cont,vtpcm,pdiff,cmim,m1trm,via1,vtpCON,nwtrm,bulk,m4trm,capm,via3CON,p_dnw,m2trm,ndiff,ptap,p1trm pel,nel,rpp1k1_n
VIA1_C_CDNS_756915490020 m1trm,via1,m2trm NULL
VIA1_C_CDNS_756915490022 m1trm,via1,m2trm NULL
VIA1_C_CDNS_756915490024 m1trm,via1,m2trm NULL
VIA1_C_CDNS_756915490029 m1trm,via1,m2trm NULL
pel_CDNS_756915490024 cont,pdiff,pel,m1trm,nwtrm,bulk,p1trm NULL
pel_CDNS_756915490026 cont,pdiff,pel,m1trm,nwtrm,bulk,p1trm NULL
rpp1k1_3_CDNS_756915490020 cont,m1trm,nwtrm,bulk,m4trm,rpp1k1_n,p1trm NULL
