VIA1_C_CDNS_756917543330 m1trm,via1,m2trm NULL
VIA1_C_CDNS_756917543332 m1trm,via1,m2trm NULL
VIA1_C_CDNS_756917543334 m1trm,via1,m2trm NULL
VIA1_C_CDNS_756917543338 m1trm,via1,m2trm NULL
VIA1_C_CDNS_756917543339 m1trm,via1,m2trm NULL
pel_CDNS_756917543334 cont,pdiff,pel,m1trm,nwtrm,bulk,p1trm NULL
pel_CDNS_756917543336 cont,pdiff,pel,m1trm,nwtrm,bulk,p1trm NULL
rpp1k1_3_CDNS_756917543330 cont,m1trm,nwtrm,bulk,m4trm,rpp1k1_n,p1trm NULL
MASCO__A1 m1trm cont,bulk,nel,ndiff,p1trm
MASCO__A2 m1trm cont,bulk,nel,ndiff,p1trm
MASCO__A3 m1trm cont,bulk,nel,ndiff,p1trm
opamp1 via2CON,mttrm,m3trm,ntap,cont,vtpcm,pdiff,cmim,m1trm,via1,vtpCON,nwtrm,bulk,m4trm,capm,via3CON,p_dnw,m2trm,ndiff,ptap,p1trm pel,nel,mosvc,rpp1k1_n
VIA2_C_CDNS_7569175433317 via2CON,m3trm,m2trm NULL
VIA2_C_CDNS_756917543331 via2CON,m3trm,m2trm NULL
VIA2_C_CDNS_756917543336 via2CON,m3trm,m2trm NULL
nel_CDNS_756917543331 cont,m1trm,bulk,nel,ndiff,p1trm NULL
nel_CDNS_756917543332 cont,m1trm,bulk,nel,ndiff,p1trm NULL
nel_CDNS_756917543335 cont,m1trm,bulk,nel,ndiff,p1trm NULL
nel_CDNS_756917543337 cont,m1trm,bulk,nel,ndiff,p1trm NULL
nel_CDNS_756917543338 cont,m1trm,bulk,nel,ndiff,p1trm NULL
mosvc_CDNS_756917543339 ntap,cont,m1trm,nwtrm,bulk,p_dnw,ndiff,mosvc,p1trm NULL
mosvc_CDNS_7569175433310 ntap,cont,m1trm,nwtrm,bulk,p_dnw,ndiff,mosvc,p1trm NULL
